<?xml version="1.0" encoding="UTF-8"?>
<TestRun id="25c2c116-e865-4188-aeef-2fc5848616ea" name="Martin@MARTIN-LAPTOP 2011-03-14 15:09:49" runUser="Martin-Laptop\Martin" xmlns="http://microsoft.com/schemas/VisualStudio/TeamTest/2010">
  <TestSettings name="Local" id="c13f3ac4-e06d-4c27-8158-208f7bf0acb6">
    <Description>These are default test settings for a local test run.</Description>
    <Deployment enabled="false" runDeploymentRoot="Martin_MARTIN-LAPTOP 2011-03-14 15_09_49">
      <DeploymentItem filename="C:\Users\Martin\Documents\Visual Studio 2010\Projects\Hermes\Hermes\bin\Debug\Hermes.dll" />
    </Deployment>
    <Execution>
      <TestTypeSpecific />
      <AgentRule name="Execution Agents">
      </AgentRule>
    </Execution>
  </TestSettings>
  <Times creation="2011-03-14T15:09:49.0653774+00:00" queuing="2011-03-14T15:09:49.0773781+00:00" start="2011-03-14T15:09:49.1583827+00:00" finish="2011-03-14T15:09:50.3844528+00:00" />
  <ResultSummary outcome="Failed">
    <Counters total="6" executed="6" passed="1" error="0" failed="5" timeout="0" aborted="0" inconclusive="0" passedButRunAborted="0" notRunnable="0" notExecuted="0" disconnected="0" warning="0" completed="0" inProgress="0" pending="0" />
  </ResultSummary>
  <TestDefinitions>
    <UnitTest name="TerminalPlusNonTerminalReturnsRule" storage="c:\users\martin\documents\visual studio 2010\projects\hermes\hermestests\bin\debug\hermestests.dll" id="e273e4e2-4044-3fbe-144a-1c6675e1a5a2">
      <Execution id="187fea05-049e-42f7-957d-7eccc8b5dc2d" />
      <TestMethod codeBase="C:/Users/Martin/Documents/Visual Studio 2010/Projects/Hermes/HermesTests/bin/Debug/HermesTests.DLL" adapterTypeName="Microsoft.VisualStudio.TestTools.TestTypes.Unit.UnitTestAdapter, Microsoft.VisualStudio.QualityTools.Tips.UnitTest.Adapter, Version=10.0.0.0, Culture=neutral, PublicKeyToken=b03f5f7f11d50a3a" className="HermesTests.NonTerminalTest, HermesTests, Version=1.0.0.0, Culture=neutral, PublicKeyToken=null" name="TerminalPlusNonTerminalReturnsRule" />
    </UnitTest>
    <UnitTest name="ConstructANonTerminal" storage="c:\users\martin\documents\visual studio 2010\projects\hermes\hermestests\bin\debug\hermestests.dll" id="68b42349-bc9a-b261-ad5c-92f6798ba498">
      <Execution id="f794875c-4ddd-4321-b511-422f9fe1656e" />
      <TestMethod codeBase="C:/Users/Martin/Documents/Visual Studio 2010/Projects/Hermes/HermesTests/bin/Debug/HermesTests.DLL" adapterTypeName="Microsoft.VisualStudio.TestTools.TestTypes.Unit.UnitTestAdapter, Microsoft.VisualStudio.QualityTools.Tips.UnitTest.Adapter, Version=10.0.0.0, Culture=neutral, PublicKeyToken=b03f5f7f11d50a3a" className="HermesTests.NonTerminalTest, HermesTests, Version=1.0.0.0, Culture=neutral, PublicKeyToken=null" name="ConstructANonTerminal" />
    </UnitTest>
    <UnitTest name="NonTerminalPlusNonTerminalReturnsRule" storage="c:\users\martin\documents\visual studio 2010\projects\hermes\hermestests\bin\debug\hermestests.dll" id="30813870-6453-86e7-f9fc-b59fe33009de">
      <Execution id="8535f3bb-7aff-4b9e-8244-d9828ca02a73" />
      <TestMethod codeBase="C:/Users/Martin/Documents/Visual Studio 2010/Projects/Hermes/HermesTests/bin/Debug/HermesTests.DLL" adapterTypeName="Microsoft.VisualStudio.TestTools.TestTypes.Unit.UnitTestAdapter, Microsoft.VisualStudio.QualityTools.Tips.UnitTest.Adapter, Version=10.0.0.0, Culture=neutral, PublicKeyToken=b03f5f7f11d50a3a" className="HermesTests.NonTerminalTest, HermesTests, Version=1.0.0.0, Culture=neutral, PublicKeyToken=null" name="NonTerminalPlusNonTerminalReturnsRule" />
    </UnitTest>
    <UnitTest name="StringPlusNonTerminalReturnsRule" storage="c:\users\martin\documents\visual studio 2010\projects\hermes\hermestests\bin\debug\hermestests.dll" id="4376478f-14b0-14e3-624b-4c0b27824f5a">
      <Execution id="d4ac870d-32e9-4bac-875c-4e0f608af8d4" />
      <TestMethod codeBase="C:/Users/Martin/Documents/Visual Studio 2010/Projects/Hermes/HermesTests/bin/Debug/HermesTests.DLL" adapterTypeName="Microsoft.VisualStudio.TestTools.TestTypes.Unit.UnitTestAdapter, Microsoft.VisualStudio.QualityTools.Tips.UnitTest.Adapter, Version=10.0.0.0, Culture=neutral, PublicKeyToken=b03f5f7f11d50a3a" className="HermesTests.NonTerminalTest, HermesTests, Version=1.0.0.0, Culture=neutral, PublicKeyToken=null" name="StringPlusNonTerminalReturnsRule" />
    </UnitTest>
    <UnitTest name="NonTerminalPlusTerminalReturnsRule" storage="c:\users\martin\documents\visual studio 2010\projects\hermes\hermestests\bin\debug\hermestests.dll" id="2bf7c2d5-df86-5bb4-7dfb-ab07a842d771">
      <Execution id="6e0b9db3-2ad3-482d-820f-7ec12db0f478" />
      <TestMethod codeBase="C:/Users/Martin/Documents/Visual Studio 2010/Projects/Hermes/HermesTests/bin/Debug/HermesTests.DLL" adapterTypeName="Microsoft.VisualStudio.TestTools.TestTypes.Unit.UnitTestAdapter, Microsoft.VisualStudio.QualityTools.Tips.UnitTest.Adapter, Version=10.0.0.0, Culture=neutral, PublicKeyToken=b03f5f7f11d50a3a" className="HermesTests.NonTerminalTest, HermesTests, Version=1.0.0.0, Culture=neutral, PublicKeyToken=null" name="NonTerminalPlusTerminalReturnsRule" />
    </UnitTest>
    <UnitTest name="NonTerminalPlusStringReturnsRule" storage="c:\users\martin\documents\visual studio 2010\projects\hermes\hermestests\bin\debug\hermestests.dll" id="37e2cadf-30a2-82b7-8c72-4c08f74b93bf">
      <Execution id="41268b12-3b8e-4a58-8347-d6e1cddb6f7c" />
      <TestMethod codeBase="C:/Users/Martin/Documents/Visual Studio 2010/Projects/Hermes/HermesTests/bin/Debug/HermesTests.DLL" adapterTypeName="Microsoft.VisualStudio.TestTools.TestTypes.Unit.UnitTestAdapter, Microsoft.VisualStudio.QualityTools.Tips.UnitTest.Adapter, Version=10.0.0.0, Culture=neutral, PublicKeyToken=b03f5f7f11d50a3a" className="HermesTests.NonTerminalTest, HermesTests, Version=1.0.0.0, Culture=neutral, PublicKeyToken=null" name="NonTerminalPlusStringReturnsRule" />
    </UnitTest>
  </TestDefinitions>
  <TestLists>
    <TestList name="Results Not in a List" id="8c84fa94-04c1-424b-9868-57a2d4851a1d" />
    <TestList name="All Loaded Results" id="19431567-8539-422a-85d7-44ee4e166bda" />
  </TestLists>
  <TestEntries>
    <TestEntry testId="2bf7c2d5-df86-5bb4-7dfb-ab07a842d771" executionId="6e0b9db3-2ad3-482d-820f-7ec12db0f478" testListId="8c84fa94-04c1-424b-9868-57a2d4851a1d" />
    <TestEntry testId="30813870-6453-86e7-f9fc-b59fe33009de" executionId="8535f3bb-7aff-4b9e-8244-d9828ca02a73" testListId="8c84fa94-04c1-424b-9868-57a2d4851a1d" />
    <TestEntry testId="37e2cadf-30a2-82b7-8c72-4c08f74b93bf" executionId="41268b12-3b8e-4a58-8347-d6e1cddb6f7c" testListId="8c84fa94-04c1-424b-9868-57a2d4851a1d" />
    <TestEntry testId="4376478f-14b0-14e3-624b-4c0b27824f5a" executionId="d4ac870d-32e9-4bac-875c-4e0f608af8d4" testListId="8c84fa94-04c1-424b-9868-57a2d4851a1d" />
    <TestEntry testId="68b42349-bc9a-b261-ad5c-92f6798ba498" executionId="f794875c-4ddd-4321-b511-422f9fe1656e" testListId="8c84fa94-04c1-424b-9868-57a2d4851a1d" />
    <TestEntry testId="e273e4e2-4044-3fbe-144a-1c6675e1a5a2" executionId="187fea05-049e-42f7-957d-7eccc8b5dc2d" testListId="8c84fa94-04c1-424b-9868-57a2d4851a1d" />
  </TestEntries>
  <Results>
    <UnitTestResult executionId="6e0b9db3-2ad3-482d-820f-7ec12db0f478" testId="2bf7c2d5-df86-5bb4-7dfb-ab07a842d771" testName="NonTerminalPlusTerminalReturnsRule" computerName="MARTIN-LAPTOP" duration="00:00:00.0970616" startTime="2011-03-14T15:09:49.2893902+00:00" endTime="2011-03-14T15:09:50.1004366+00:00" testType="13cdc9d9-ddb5-4fa4-a97d-d965ccfc6d4b" outcome="Failed" testListId="8c84fa94-04c1-424b-9868-57a2d4851a1d" relativeResultsDirectory="6e0b9db3-2ad3-482d-820f-7ec12db0f478">
      <Output>
        <ErrorInfo>
          <Message>Assert.IsNotNull failed. </Message>
          <StackTrace>   at HermesTests.NonTerminalTest.NonTerminalPlusTerminalReturnsRule() in C:\Users\Martin\Documents\Visual Studio 2010\Projects\Hermes\HermesTests\NonTerminalTest.cs:line 44
</StackTrace>
        </ErrorInfo>
      </Output>
    </UnitTestResult>
    <UnitTestResult executionId="8535f3bb-7aff-4b9e-8244-d9828ca02a73" testId="30813870-6453-86e7-f9fc-b59fe33009de" testName="NonTerminalPlusNonTerminalReturnsRule" computerName="MARTIN-LAPTOP" duration="00:00:00.0018901" startTime="2011-03-14T15:09:50.1214378+00:00" endTime="2011-03-14T15:09:50.1694405+00:00" testType="13cdc9d9-ddb5-4fa4-a97d-d965ccfc6d4b" outcome="Failed" testListId="8c84fa94-04c1-424b-9868-57a2d4851a1d" relativeResultsDirectory="8535f3bb-7aff-4b9e-8244-d9828ca02a73">
      <Output>
        <ErrorInfo>
          <Message>Assert.IsNotNull failed. </Message>
          <StackTrace>   at HermesTests.NonTerminalTest.NonTerminalPlusNonTerminalReturnsRule() in C:\Users\Martin\Documents\Visual Studio 2010\Projects\Hermes\HermesTests\NonTerminalTest.cs:line 31
</StackTrace>
        </ErrorInfo>
      </Output>
    </UnitTestResult>
    <UnitTestResult executionId="41268b12-3b8e-4a58-8347-d6e1cddb6f7c" testId="37e2cadf-30a2-82b7-8c72-4c08f74b93bf" testName="NonTerminalPlusStringReturnsRule" computerName="MARTIN-LAPTOP" duration="00:00:00.0026876" startTime="2011-03-14T15:09:50.1804412+00:00" endTime="2011-03-14T15:09:50.1984422+00:00" testType="13cdc9d9-ddb5-4fa4-a97d-d965ccfc6d4b" outcome="Failed" testListId="8c84fa94-04c1-424b-9868-57a2d4851a1d" relativeResultsDirectory="41268b12-3b8e-4a58-8347-d6e1cddb6f7c">
      <Output>
        <ErrorInfo>
          <Message>Assert.IsNotNull failed. </Message>
          <StackTrace>   at HermesTests.NonTerminalTest.NonTerminalPlusStringReturnsRule() in C:\Users\Martin\Documents\Visual Studio 2010\Projects\Hermes\HermesTests\NonTerminalTest.cs:line 70
</StackTrace>
        </ErrorInfo>
      </Output>
    </UnitTestResult>
    <UnitTestResult executionId="d4ac870d-32e9-4bac-875c-4e0f608af8d4" testId="4376478f-14b0-14e3-624b-4c0b27824f5a" testName="StringPlusNonTerminalReturnsRule" computerName="MARTIN-LAPTOP" duration="00:00:00.0058670" startTime="2011-03-14T15:09:50.2084428+00:00" endTime="2011-03-14T15:09:50.2304440+00:00" testType="13cdc9d9-ddb5-4fa4-a97d-d965ccfc6d4b" outcome="Failed" testListId="8c84fa94-04c1-424b-9868-57a2d4851a1d" relativeResultsDirectory="d4ac870d-32e9-4bac-875c-4e0f608af8d4">
      <Output>
        <ErrorInfo>
          <Message>Assert.IsNotNull failed. </Message>
          <StackTrace>   at HermesTests.NonTerminalTest.StringPlusNonTerminalReturnsRule() in C:\Users\Martin\Documents\Visual Studio 2010\Projects\Hermes\HermesTests\NonTerminalTest.cs:line 83
</StackTrace>
        </ErrorInfo>
      </Output>
    </UnitTestResult>
    <UnitTestResult executionId="f794875c-4ddd-4321-b511-422f9fe1656e" testId="68b42349-bc9a-b261-ad5c-92f6798ba498" testName="ConstructANonTerminal" computerName="MARTIN-LAPTOP" duration="00:00:00.0012850" startTime="2011-03-14T15:09:50.2404446+00:00" endTime="2011-03-14T15:09:50.2614458+00:00" testType="13cdc9d9-ddb5-4fa4-a97d-d965ccfc6d4b" outcome="Passed" testListId="8c84fa94-04c1-424b-9868-57a2d4851a1d" relativeResultsDirectory="f794875c-4ddd-4321-b511-422f9fe1656e">
    </UnitTestResult>
    <UnitTestResult executionId="187fea05-049e-42f7-957d-7eccc8b5dc2d" testId="e273e4e2-4044-3fbe-144a-1c6675e1a5a2" testName="TerminalPlusNonTerminalReturnsRule" computerName="MARTIN-LAPTOP" duration="00:00:00.0037771" startTime="2011-03-14T15:09:50.2734465+00:00" endTime="2011-03-14T15:09:50.2824470+00:00" testType="13cdc9d9-ddb5-4fa4-a97d-d965ccfc6d4b" outcome="Failed" testListId="8c84fa94-04c1-424b-9868-57a2d4851a1d" relativeResultsDirectory="187fea05-049e-42f7-957d-7eccc8b5dc2d">
      <Output>
        <ErrorInfo>
          <Message>Assert.IsNotNull failed. </Message>
          <StackTrace>   at HermesTests.NonTerminalTest.TerminalPlusNonTerminalReturnsRule() in C:\Users\Martin\Documents\Visual Studio 2010\Projects\Hermes\HermesTests\NonTerminalTest.cs:line 57
</StackTrace>
        </ErrorInfo>
      </Output>
    </UnitTestResult>
  </Results>
</TestRun>