<?xml version="1.0" encoding="UTF-8"?>
<TestRun id="dd09bc76-634a-4a8e-add0-0d65a494f843" name="Martin@MARTIN-LAPTOP 2011-03-14 14:31:28" runUser="Martin-Laptop\Martin" xmlns="http://microsoft.com/schemas/VisualStudio/TeamTest/2010">
  <TestSettings name="Local" id="c13f3ac4-e06d-4c27-8158-208f7bf0acb6">
    <Description>These are default test settings for a local test run.</Description>
    <Deployment enabled="false" runDeploymentRoot="Martin_MARTIN-LAPTOP 2011-03-14 14_31_28">
      <DeploymentItem filename="C:\Users\Martin\Documents\Visual Studio 2010\Projects\Hermes\Hermes\bin\Debug\Hermes.dll" />
    </Deployment>
    <Execution>
      <TestTypeSpecific />
      <AgentRule name="Execution Agents">
      </AgentRule>
    </Execution>
  </TestSettings>
  <Times creation="2011-03-14T14:31:28.0877690+00:00" queuing="2011-03-14T14:31:28.0967695+00:00" start="2011-03-14T14:31:28.2167764+00:00" finish="2011-03-14T14:31:29.7018613+00:00" />
  <ResultSummary outcome="Completed">
    <Counters total="1" executed="1" passed="1" error="0" failed="0" timeout="0" aborted="0" inconclusive="0" passedButRunAborted="0" notRunnable="0" notExecuted="0" disconnected="0" warning="0" completed="0" inProgress="0" pending="0" />
  </ResultSummary>
  <TestDefinitions>
    <UnitTest name="InvalidInputStream" storage="c:\users\martin\documents\visual studio 2010\projects\hermes\hermestests\bin\debug\hermestests.dll" id="b7d71490-bf24-b678-f366-9ef4872d9756">
      <Execution id="4953cc0f-4f1a-454f-82d3-0c96a738e0bb" />
      <TestMethod codeBase="C:/Users/Martin/Documents/Visual Studio 2010/Projects/Hermes/HermesTests/bin/Debug/HermesTests.DLL" adapterTypeName="Microsoft.VisualStudio.TestTools.TestTypes.Unit.UnitTestAdapter, Microsoft.VisualStudio.QualityTools.Tips.UnitTest.Adapter, Version=10.0.0.0, Culture=neutral, PublicKeyToken=b03f5f7f11d50a3a" className="HermesTests.TokenStreamTest, HermesTests, Version=1.0.0.0, Culture=neutral, PublicKeyToken=null" name="InvalidInputStream" />
    </UnitTest>
  </TestDefinitions>
  <TestLists>
    <TestList name="Results Not in a List" id="8c84fa94-04c1-424b-9868-57a2d4851a1d" />
    <TestList name="All Loaded Results" id="19431567-8539-422a-85d7-44ee4e166bda" />
  </TestLists>
  <TestEntries>
    <TestEntry testId="b7d71490-bf24-b678-f366-9ef4872d9756" executionId="4953cc0f-4f1a-454f-82d3-0c96a738e0bb" testListId="8c84fa94-04c1-424b-9868-57a2d4851a1d" />
  </TestEntries>
  <Results>
    <UnitTestResult executionId="4953cc0f-4f1a-454f-82d3-0c96a738e0bb" testId="b7d71490-bf24-b678-f366-9ef4872d9756" testName="InvalidInputStream" computerName="MARTIN-LAPTOP" duration="00:00:00.0324968" startTime="2011-03-14T14:31:28.2407778+00:00" endTime="2011-03-14T14:31:28.8148106+00:00" testType="13cdc9d9-ddb5-4fa4-a97d-d965ccfc6d4b" outcome="Passed" testListId="8c84fa94-04c1-424b-9868-57a2d4851a1d" relativeResultsDirectory="4953cc0f-4f1a-454f-82d3-0c96a738e0bb">
    </UnitTestResult>
  </Results>
</TestRun>