<?xml version="1.0" encoding="UTF-8"?>
<TestRun id="9103a4e4-3fbf-49cd-bd15-b96b5cc69bf2" name="Martin@MARTIN-PC 2011-03-18 15:23:25" runUser="Martin-PC\Martin" xmlns="http://microsoft.com/schemas/VisualStudio/TeamTest/2010">
  <TestSettings name="Local" id="c13f3ac4-e06d-4c27-8158-208f7bf0acb6">
    <Description>These are default test settings for a local test run.</Description>
    <Deployment enabled="false" runDeploymentRoot="Martin_MARTIN-PC 2011-03-18 15_23_25">
      <DeploymentItem filename="C:\Users\Martin\Documents\Visual Studio 2010\Projects\Hermes\Hermes\bin\Debug\Hermes.dll" />
    </Deployment>
    <Execution>
      <TestTypeSpecific />
      <AgentRule name="Execution Agents">
      </AgentRule>
    </Execution>
  </TestSettings>
  <Times creation="2011-03-18T15:23:25.4463664+00:00" queuing="2011-03-18T15:23:26.3774197+00:00" start="2011-03-18T15:23:26.4274225+00:00" finish="2011-03-18T15:23:34.5748886+00:00" />
  <ResultSummary outcome="Failed">
    <Counters total="1" executed="1" error="0" failed="1" timeout="0" aborted="0" inconclusive="0" passedButRunAborted="0" notRunnable="0" notExecuted="0" disconnected="0" warning="0" passed="0" completed="0" inProgress="0" pending="0" />
  </ResultSummary>
  <TestDefinitions>
    <UnitTest name="ConstructAGrammar" storage="c:\users\martin\documents\visual studio 2010\projects\hermes\hermestests\bin\debug\hermestests.dll" id="36242104-b74e-fbcf-0eba-0e47460d90d7">
      <Execution id="8942cbfb-5bd8-4c2b-94ec-ed8fba2012ec" />
      <TestMethod codeBase="C:/Users/Martin/Documents/Visual Studio 2010/Projects/Hermes/HermesTests/bin/Debug/HermesTests.DLL" adapterTypeName="Microsoft.VisualStudio.TestTools.TestTypes.Unit.UnitTestAdapter, Microsoft.VisualStudio.QualityTools.Tips.UnitTest.Adapter, Version=10.0.0.0, Culture=neutral, PublicKeyToken=b03f5f7f11d50a3a" className="HermesTests.GrammarTest, HermesTests, Version=1.0.0.0, Culture=neutral, PublicKeyToken=null" name="ConstructAGrammar" />
    </UnitTest>
  </TestDefinitions>
  <TestLists>
    <TestList name="Results Not in a List" id="8c84fa94-04c1-424b-9868-57a2d4851a1d" />
    <TestList name="All Loaded Results" id="19431567-8539-422a-85d7-44ee4e166bda" />
  </TestLists>
  <TestEntries>
    <TestEntry testId="36242104-b74e-fbcf-0eba-0e47460d90d7" executionId="8942cbfb-5bd8-4c2b-94ec-ed8fba2012ec" testListId="8c84fa94-04c1-424b-9868-57a2d4851a1d" />
  </TestEntries>
  <Results>
    <UnitTestResult executionId="8942cbfb-5bd8-4c2b-94ec-ed8fba2012ec" testId="36242104-b74e-fbcf-0eba-0e47460d90d7" testName="ConstructAGrammar" computerName="MARTIN-PC" duration="00:00:06.6982886" startTime="2011-03-18T15:23:26.4724251+00:00" endTime="2011-03-18T15:23:34.3998785+00:00" testType="13cdc9d9-ddb5-4fa4-a97d-d965ccfc6d4b" outcome="Failed" testListId="8c84fa94-04c1-424b-9868-57a2d4851a1d" relativeResultsDirectory="8942cbfb-5bd8-4c2b-94ec-ed8fba2012ec">
      <Output>
        <ErrorInfo>
          <Message>Test method HermesTests.GrammarTest.ConstructAGrammar threw exception: 
System.NotImplementedException: The method or operation is not implemented.</Message>
          <StackTrace>    at Hermes.Grammar.Grammar.CreateLexer(String input, Terminal[] whitespace) in C:\Users\Martin\Documents\Visual Studio 2010\Projects\Hermes\Hermes\Grammar\Grammar.cs:line 52
   at HermesTests.GrammarTest.ConstructAGrammar() in C:\Users\Martin\Documents\Visual Studio 2010\Projects\Hermes\HermesTests\GrammarTest.cs:line 33
</StackTrace>
        </ErrorInfo>
      </Output>
    </UnitTestResult>
  </Results>
</TestRun>